// Jest Snapshot v1, https://goo.gl/fbAQLP

exports[`<NotFound /> renders correctly 1`] = `
<div
  className="homepage-container"
>
  <div
    className="title"
  >
    Home page here
  </div>
  <img
    className="image"
    src="assets/images/smurf.jpeg"
  />
</div>
`;
