// Jest Snapshot v1, https://goo.gl/fbAQLP

exports[`<NotFound /> renders correctly 1`] = `
<div
  className="not-found-container"
>
  <div
    className="title"
  >
    Page not found ;)
  </div>
</div>
`;
